[www.procurabusiness.com/index.html]
[backblue.gif]
[fade.gif]
[index.html]
[www.procurabusiness.com/apple-touch-icon.png]
[www.procurabusiness.com/favicon-32x32.png]
[www.procurabusiness.com/favicon-16x16.png]
[www.procurabusiness.com/site.webmanifest]
[www.procurabusiness.com/safari-pinned-tab.svg]
[www.procurabusiness.com/_next/static/css/82db39a5ff6f275f.css]
[www.procurabusiness.com/_next/static/chunks/polyfills-42372ed130431b0a.js]
[www.procurabusiness.com/_next/static/chunks/webpack-5018ac508bd00c74.js]
[www.procurabusiness.com/_next/static/chunks/framework-e8a7bc791b8bbce3.js]
[www.procurabusiness.com/_next/static/chunks/main-6ef31e7098781f43.js]
[www.procurabusiness.com/_next/static/chunks/pages/_app-491cc37e5b6b15ec.js]
[www.procurabusiness.com/_next/static/chunks/ebc7f588-900393bd10767db9.js]
[www.procurabusiness.com/_next/static/chunks/01fdda4b-1bb68d15316a071a.js]
[www.procurabusiness.com/_next/static/chunks/1f7b1fc8-de8b56a45de1f80a.js]
[www.procurabusiness.com/_next/static/chunks/c1401c72-93bff81714a63b4b.js]
[www.procurabusiness.com/_next/static/chunks/d63eeaec-8cc542aa761fab6d.js]
[www.procurabusiness.com/_next/static/chunks/9573-a2c3c3d6e05e9ee6.js]
[www.procurabusiness.com/_next/static/chunks/3218-50eb678a1aaf151f.js]
[www.procurabusiness.com/_next/static/chunks/pages/index-88937cd178b1e193.js]
[www.procurabusiness.com/_next/static/caghFzoRYm3060VEOs-gV/_buildManifest.js]
[www.procurabusiness.com/_next/static/caghFzoRYm3060VEOs-gV/_ssgManifest.js]
[www.procurabusiness.com/images/brand-logo.svg]
[www.procurabusiness.com/products.html]
[www.procurabusiness.com/about-us.html]
[www.procurabusiness.com/case-studies.html]
[www.procurabusiness.com/blogs.html]
[www.procurabusiness.com/contact-us.html]
[www.procurabusiness.com/careers.html]
[www.procurabusiness.com/shop.html]
[www.procurabusiness.com/bg-video.mp4]
[www.procurabusiness.com/images/opex.png]
[www.procurabusiness.com/shop/categories.html]
[www.procurabusiness.com/images/capex.png]
[www.procurabusiness.com/images/mro.png]
[www.procurabusiness.com/images/problems/networking.png]
[www.procurabusiness.com/images/probs/internalcoordination.png]
[www.procurabusiness.com/images/problems/paper.png]
[www.procurabusiness.com/images/probs/invoice.png]
[www.procurabusiness.com/images/problems/price-tag.png]
[www.procurabusiness.com/images/probs/pricing.png]
[www.procurabusiness.com/images/problems/analysis.png]
[www.procurabusiness.com/images/probs/analytics.jpg]
[www.procurabusiness.com/images/problems/operation.png]
[www.procurabusiness.com/images/probs/security.jpg]
[www.procurabusiness.com/features/streamlined-internal-approvals.mp4]
[www.procurabusiness.com/images/briefing.png]
[www.procurabusiness.com/images/tech_assesment.png]
[www.procurabusiness.com/images/trial.png]
[www.procurabusiness.com/images/honesty.png]
[www.procurabusiness.com/images/India_outline.svg]
[www.procurabusiness.com/shop/request-quote.html]
[www.procurabusiness.com/privacy.html]
[www.procurabusiness.com/terms-and-conditions.html]
[www.procurabusiness.com/index.html]
[www.procurabusiness.com/safari-pinned-tab.svg]
[www.googletagmanager.com/gtm5445.html]
[www.procurabusiness.com/refund-and-shipping-policy.html]
[www.procurabusiness.com/_next/static/media/ajax-loader.0b80f665.gif]
[www.procurabusiness.com/_next/static/media/slick.25572f22.eot]
[www.procurabusiness.com/_next/static/media/slick.25572f22d41d.eot]
[www.procurabusiness.com/_next/static/media/slick.653a4cbb.woff]
[www.procurabusiness.com/_next/static/media/slick.6aa1ee46.ttf]
[www.procurabusiness.com/_next/static/css/82db39a5ff6f275f.css]
[www.procurabusiness.com/images/brand-logo.svg]
[www.procurabusiness.com/_next/static/media/slick.f895cfdf.svg]
[www.procurabusiness.com/_next/static/chunks/pages/products-c5979ea1c7f607e3.js]
[www.procurabusiness.com/'/images/bg1.png']
[www.procurabusiness.com/images/features-connect/feature-1.png]
[www.procurabusiness.com/images/features-connect/feature-2.png]
[www.procurabusiness.com/images/features-connect/feature-3.png]
[www.procurabusiness.com/images/features-connect/feature-4.png]
[www.procurabusiness.com/images/features-connect/feature-5.png]
[www.procurabusiness.com/images/graphs/pie.png]
[www.procurabusiness.com/images/graphs/bar.png]
[www.procurabusiness.com/images/graphs/pie-2.png]
[www.procurabusiness.com/images/graphs/bar-2.png]
[www.procurabusiness.com/images/graphs/line.png]
[www.procurabusiness.com/images/graphs/line-2.png]
[www.procurabusiness.com/images/features-connect/vendor-2.jpg]
[www.procurabusiness.com/images/mock-1.png]
[www.procurabusiness.com/images/features-connect/procura-2.jpg]
[www.procurabusiness.com/products.html]
[www.procurabusiness.com/_next/static/chunks/pages/about-us-6db222fbbc0b83bc.js]
[www.procurabusiness.com/images/about.png]
[www.procurabusiness.com/images/niket.png]
[www.procurabusiness.com/about-us/niket-shah.html]
[www.procurabusiness.com/images/tapasya.png]
[www.procurabusiness.com/about-us/tapasya-raika.html]
[www.procurabusiness.com/images/ruchit.png]
[www.procurabusiness.com/about-us.html]
[www.procurabusiness.com/about-us/ruchit-desai.html]
[www.procurabusiness.com/_next/static/chunks/2294-eb1fc68390951e17.js]
[www.procurabusiness.com/_next/static/chunks/9357-ba1b6316f2ce7215.js]
[www.procurabusiness.com/case-studies.html]
[www.procurabusiness.com/_next/static/chunks/pages/case-studies-89303ab75ee2579d.js]
[www.procurabusiness.com/blogs.html]
[www.procurabusiness.com/_next/static/chunks/pages/blogs-9f1fc5bd5bcbecf4.js]
[www.procurabusiness.com/contact-us.html]
[www.procurabusiness.com/_next/static/chunks/pages/contact-us-a0ed7e58da6de73b.js]
[www.procurabusiness.com/careers.html]
[www.procurabusiness.com/_next/static/chunks/pages/careers-977d9bfc2861ed52.js]
[www.procurabusiness.com/_next/static/chunks/pages/shop-abaa354f3dc1edf2.js]
[www.procurabusiness.com/shop/all-categories.html]
[www.procurabusiness.com/shop/brands.html]
[www.procurabusiness.com/shop/wishlist.html]
[www.procurabusiness.com/shop/products.html]
[storage.googleapis.com/procura-dashboard.appspot.com/catalog-groups/hygiene-housekeeping-healthcare-1Nl9lGx9l9z1--Lg-X1oKuPVy-i2uHUeVde3a.png]
[www.procurabusiness.com/shop/categories/hygiene-housekeeping-healthcare/products.html]
[storage.googleapis.com/procura-dashboard.appspot.com/catalog-groups/one-time-setup-capex-electronics-132cblcfYhGFDoQM7w77khaL9PCB7vnnlad89.png]
[www.procurabusiness.com/shop/categories/one-time-setup-capex-electronics/products.html]
[storage.googleapis.com/procura-dashboard.appspot.com/catalog-groups/stationery-office-supplies-1EF3iszcXu0GGY3sYiP33Alnu-6j-9AWF9d14.png]
[www.procurabusiness.com/shop/categories/stationery-office-supplies/products.html]
[storage.googleapis.com/procura-dashboard.appspot.com/catalog-groups/mro-1CaWFd0DOo7dSdIyBCkIJe4W-ZdI3qeml44d4.jpg]
[www.procurabusiness.com/shop/categories/mro/products.html]
[storage.googleapis.com/procura-dashboard.appspot.com/catalog-groups/gifting-17F0-KkM4ceIVjMb56Io_WFGv4qaKQuFj288c.png]
[www.procurabusiness.com/shop/categories/gifting/products.html]
[storage.googleapis.com/procura-dashboard.appspot.com/catalog-groups/packaging-15mIsQQF-t0t7n3_IA1xTeEs1dtWhuZDy18ac.png]
[www.procurabusiness.com/shop.html]
[www.procurabusiness.com/shop/categories/packaging/products.html]
[www.procurabusiness.com/_next/static/chunks/3554-879ed668e13cc545.js]
[www.procurabusiness.com/_next/static/chunks/pages/shop/categories-876b90904bee6566.js]
[www.procurabusiness.com/shop/categories/hygiene-housekeeping-healthcare.html]
[www.procurabusiness.com/shop/categories/one-time-setup-capex-electronics.html]
[www.procurabusiness.com/shop/categories/stationery-office-supplies.html]
[www.procurabusiness.com/shop/categories/mro.html]
[www.procurabusiness.com/shop/categories/gifting.html]
[www.procurabusiness.com/shop/categories.html]
[www.procurabusiness.com/images/India_outline.svg]
[www.procurabusiness.com/shop/categories/packaging.html]
[www.procurabusiness.com/shop/request-quote.html]
[www.procurabusiness.com/_next/static/chunks/pages/shop/request-quote-54506ed9a78f822d.js]
[www.procurabusiness.com/privacy.html]
[www.procurabusiness.com/_next/static/chunks/pages/privacy-1b9e2d2826869745.js]
[www.procurabusiness.com/terms-and-conditions.html]
[www.procurabusiness.com/_next/static/chunks/pages/terms-and-conditions-7054d578a799c83f.js]
[www.procurabusiness.com/refund-and-shipping-policy.html]
[www.procurabusiness.com/_next/static/media/slick.f895cfdf.svg]
[www.procurabusiness.com/'/images/bg1.html]
[www.procurabusiness.com/_next/static/chunks/pages/refund-and-shipping-policy-eccad3d29e8a4f44.js]
[www.procurabusiness.com/_next/static/chunks/1727-e60690c56e776c6f.js]
[www.procurabusiness.com/_next/static/chunks/pages/about-us/[slug]-8a61e3037a0e07c8.js]
[cdn.sanity.io/images/bqk9pw0n/production/5dd1365191fd6268c9b4308c2a718a1e49004e9c-655x802.png]
[www.procurabusiness.com/about-us/niket-shah.html]
[cdn.sanity.io/images/bqk9pw0n/production/900b2d3ff55e9df841eae3bec0767dee7650c859-655x802.png]
[www.procurabusiness.com/about-us/tapasya-raika.html]
[cdn.sanity.io/images/bqk9pw0n/production/45ceb22732e5dc49f75c9a39c18d187398e1e84a-655x802.png]
[www.procurabusiness.com/about-us/ruchit-desai.html]
[www.procurabusiness.com/_next/static/chunks/pages/shop/all-categories-bfae7f17f52762dc.js]
[www.procurabusiness.com/shop/categories/waste-management.html]
[www.procurabusiness.com/shop/categories/garbage-bags.html]
[www.procurabusiness.com/shop/categories/dustbins.html]
[www.procurabusiness.com/shop/categories/chemicals.html]
[www.procurabusiness.com/shop/categories/floor-cleaners.html]
[www.procurabusiness.com/shop/categories/toilet-bathroom-cleaners.html]
[www.procurabusiness.com/shop/categories/glass-cleaners.html]
[www.procurabusiness.com/shop/categories/polishes-greasers.html]
[www.procurabusiness.com/shop/categories/multipurpose-cleaners.html]
[www.procurabusiness.com/shop/categories/air-care.html]
[www.procurabusiness.com/shop/categories/personal-care.html]
[www.procurabusiness.com/shop/categories/kitchen-care.html]
[www.procurabusiness.com/shop/categories/carpet-care.html]
[www.procurabusiness.com/shop/categories/miscellaneous-cleaners.html]
[www.procurabusiness.com/shop/categories/laundry-care.html]
[www.procurabusiness.com/shop/categories/medical-and-surgical.html]
[www.procurabusiness.com/shop/categories/paper-products.html]
[www.procurabusiness.com/shop/categories/specialized-chemicals.html]
[www.procurabusiness.com/shop/categories/swimming-pool-supplies.html]
[www.procurabusiness.com/shop/categories/cleaning-services.html]
[www.procurabusiness.com/shop/categories/nitrilelatexvinyl-gloves.html]
[www.procurabusiness.com/shop/categories/covid-essentials.html]
[www.procurabusiness.com/shop/categories/hotel-supplies-toiletries.html]
[www.procurabusiness.com/shop/categories/mats.html]
[www.procurabusiness.com/shop/categories/miscellaneous-services.html]
[www.procurabusiness.com/shop/categories/uniform.html]
[www.procurabusiness.com/shop/categories/housekeeping.html]
[www.procurabusiness.com/shop/categories/feminine-hygiene.html]
[www.procurabusiness.com/shop/categories/pest-management.html]
[www.procurabusiness.com/shop/categories/bathroom-fixtures-fittings.html]
[www.procurabusiness.com/shop/categories/hand-dryers.html]
[www.procurabusiness.com/shop/categories/paper-dispensers.html]
[www.procurabusiness.com/shop/categories/fragrance-dispensers.html]
[www.procurabusiness.com/shop/categories/taps-urinal-flushers.html]
[www.procurabusiness.com/shop/categories/soap-sanitizer-dispenser.html]
[www.procurabusiness.com/shop/categories/toilet-seats-accessories.html]
[www.procurabusiness.com/shop/categories/sanitary-ceramic-ware.html]
[www.procurabusiness.com/shop/categories/safety-security.html]
[www.procurabusiness.com/shop/categories/electronics.html]
[www.procurabusiness.com/shop/categories/measurement-testing-equipment.html]
[www.procurabusiness.com/shop/categories/cleaning-equipmentsmachinery.html]
[www.procurabusiness.com/shop/categories/darkstores.html]
[www.procurabusiness.com/shop/categories/stationery.html]
[www.procurabusiness.com/shop/categories/office-supplies.html]
[www.procurabusiness.com/shop/categories/sports-equipment-games.html]
[www.procurabusiness.com/shop/categories/kitchen-pantry.html]
[www.procurabusiness.com/shop/categories/furniture-fixtures.html]
[www.procurabusiness.com/shop/categories/civil-interiors.html]
[www.procurabusiness.com/shop/categories/paints-painting-tools.html]
[www.procurabusiness.com/shop/categories/pipes-fittings.html]
[www.procurabusiness.com/shop/categories/valves.html]
[www.procurabusiness.com/shop/categories/switchgear.html]
[www.procurabusiness.com/shop/categories/carpentry.html]
[www.procurabusiness.com/shop/categories/switch-sockets.html]
[www.procurabusiness.com/shop/categories/measuring-instruments.html]
[www.procurabusiness.com/shop/categories/choke-ballast-driver.html]
[www.procurabusiness.com/shop/categories/lubricant.html]
[www.procurabusiness.com/shop/categories/belt-bearing-pulley-bellow.html]
[www.procurabusiness.com/shop/categories/cable-gland.html]
[www.procurabusiness.com/shop/categories/capacitors.html]
[www.procurabusiness.com/shop/categories/hvac.html]
[www.procurabusiness.com/shop/categories/mechanical-electrical-plumbing.html]
[www.procurabusiness.com/shop/categories/wires-cables.html]
[www.procurabusiness.com/shop/categories/lights.html]
[www.procurabusiness.com/shop/categories/lugs-connectors.html]
[www.procurabusiness.com/shop/categories/measuring-testing.html]
[www.procurabusiness.com/shop/all-categories.html]
[www.procurabusiness.com/shop/categories/tools-hardware.html]
[www.procurabusiness.com/_next/static/chunks/7914-b659e0bb20d2a06c.js]
[www.procurabusiness.com/shop/brands.html]
[www.procurabusiness.com/_next/static/chunks/pages/shop/brands-f040e6d526883f00.js]
[www.procurabusiness.com/_next/static/chunks/3502-f8e24ae5ec716c4c.js]
[www.procurabusiness.com/_next/static/chunks/1309-961f5e898093c73f.js]
[www.procurabusiness.com/_next/static/chunks/pages/shop/wishlist-9fa35b2492abf701.js]
[www.procurabusiness.com/shop/wishlist.html]
[www.procurabusiness.com/images/savings.svg]
[www.procurabusiness.com/_next/static/chunks/5502-69fa900f2f06e902.js]
[www.procurabusiness.com/shop/products.html]
[www.procurabusiness.com/_next/static/chunks/pages/shop/products-61a6ddb833e7f43f.js]
[www.procurabusiness.com/_next/static/chunks/3864-1895fecefb8d1449.js]
[www.procurabusiness.com/shop/categories/hygiene-housekeeping-healthcare/products.html]
[www.procurabusiness.com/shop/categories/one-time-setup-capex-electronics/products.html]
[www.procurabusiness.com/shop/categories/stationery-office-supplies/products.html]
[www.procurabusiness.com/shop/categories/mro/products.html]
[www.procurabusiness.com/shop/categories/gifting/products.html]
[www.procurabusiness.com/shop/categories/packaging/products.html]
[www.procurabusiness.com/_next/static/chunks/pages/shop/categories/[id]/products-061ecd95e5e1a237.js]
[www.procurabusiness.com/shop/categories/hygiene-housekeeping-healthcare.html]
[www.procurabusiness.com/shop/categories/one-time-setup-capex-electronics.html]
[www.procurabusiness.com/shop/categories/stationery-office-supplies.html]
[www.procurabusiness.com/shop/categories/mro.html]
[www.procurabusiness.com/shop/categories/gifting.html]
[www.procurabusiness.com/shop/categories/packaging.html]
[www.procurabusiness.com/shop/categories/waste-management.html]
[www.procurabusiness.com/shop/categories/garbage-bags.html]
[www.procurabusiness.com/shop/categories/dustbins.html]
[www.procurabusiness.com/shop/categories/chemicals.html]
[www.procurabusiness.com/shop/categories/floor-cleaners.html]
[www.procurabusiness.com/shop/categories/toilet-bathroom-cleaners.html]
[www.procurabusiness.com/shop/categories/glass-cleaners.html]
[www.procurabusiness.com/shop/categories/polishes-greasers.html]
[www.procurabusiness.com/shop/categories/multipurpose-cleaners.html]
[www.procurabusiness.com/shop/categories/air-care.html]
[www.procurabusiness.com/shop/categories/personal-care.html]
[www.procurabusiness.com/shop/categories/kitchen-care.html]
[www.procurabusiness.com/shop/categories/carpet-care.html]
[www.procurabusiness.com/shop/categories/miscellaneous-cleaners.html]
[www.procurabusiness.com/shop/categories/laundry-care.html]
[www.procurabusiness.com/shop/categories/medical-and-surgical.html]
[www.procurabusiness.com/shop/categories/paper-products.html]
[www.procurabusiness.com/shop/categories/specialized-chemicals.html]
[www.procurabusiness.com/shop/categories/swimming-pool-supplies.html]
[www.procurabusiness.com/shop/categories/cleaning-services.html]
[www.procurabusiness.com/shop/categories/nitrilelatexvinyl-gloves.html]
[www.procurabusiness.com/shop/categories/covid-essentials.html]
[www.procurabusiness.com/shop/categories/hotel-supplies-toiletries.html]
[www.procurabusiness.com/shop/categories/mats.html]
[www.procurabusiness.com/shop/categories/miscellaneous-services.html]
[www.procurabusiness.com/shop/categories/uniform.html]
[www.procurabusiness.com/shop/categories/housekeeping.html]
[www.procurabusiness.com/shop/categories/feminine-hygiene.html]
[www.procurabusiness.com/shop/categories/pest-management.html]
[www.procurabusiness.com/shop/categories/bathroom-fixtures-fittings.html]
[www.procurabusiness.com/shop/categories/hand-dryers.html]
[www.procurabusiness.com/shop/categories/paper-dispensers.html]
[www.procurabusiness.com/shop/categories/fragrance-dispensers.html]
[www.procurabusiness.com/shop/categories/taps-urinal-flushers.html]
[www.procurabusiness.com/shop/categories/soap-sanitizer-dispenser.html]
[www.procurabusiness.com/shop/categories/toilet-seats-accessories.html]
[www.procurabusiness.com/shop/categories/sanitary-ceramic-ware.html]
[www.procurabusiness.com/shop/categories/safety-security.html]
[www.procurabusiness.com/shop/categories/electronics.html]
[www.procurabusiness.com/shop/categories/measurement-testing-equipment.html]
[www.procurabusiness.com/shop/categories/cleaning-equipmentsmachinery.html]
[www.procurabusiness.com/shop/categories/darkstores.html]
[www.procurabusiness.com/shop/categories/stationery.html]
[www.procurabusiness.com/shop/categories/office-supplies.html]
[www.procurabusiness.com/shop/categories/sports-equipment-games.html]
[www.procurabusiness.com/shop/categories/kitchen-pantry.html]
[www.procurabusiness.com/shop/categories/furniture-fixtures.html]
[www.procurabusiness.com/shop/categories/civil-interiors.html]
[www.procurabusiness.com/shop/categories/paints-painting-tools.html]
[www.procurabusiness.com/shop/categories/pipes-fittings.html]
[www.procurabusiness.com/shop/categories/valves.html]
[www.procurabusiness.com/shop/categories/switchgear.html]
[www.procurabusiness.com/shop/categories/carpentry.html]
[www.procurabusiness.com/shop/categories/switch-sockets.html]
[www.procurabusiness.com/shop/categories/measuring-instruments.html]
[www.procurabusiness.com/shop/categories/choke-ballast-driver.html]
[www.procurabusiness.com/shop/categories/lubricant.html]
[www.procurabusiness.com/shop/categories/belt-bearing-pulley-bellow.html]
[www.procurabusiness.com/shop/categories/cable-gland.html]
[www.procurabusiness.com/shop/categories/capacitors.html]
[www.procurabusiness.com/shop/categories/hvac.html]
[www.procurabusiness.com/shop/categories/mechanical-electrical-plumbing.html]
[www.procurabusiness.com/shop/categories/wires-cables.html]
[www.procurabusiness.com/shop/categories/lights.html]
[www.procurabusiness.com/shop/categories/lugs-connectors.html]
[www.procurabusiness.com/shop/categories/measuring-testing.html]
[www.procurabusiness.com/shop/categories/tools-hardware.html]
[www.procurabusiness.com/images/savings.svg]
[www.procurabusiness.com/_next/static/chunks/pages/shop/categories/[id]-0f69ae9ef7352176.js]
